#-----------------------------------------------------------
# Vivado v2018.2.2 (64-bit)
# SW Build 2348494 on Mon Oct  1 18:25:44 MDT 2018
# IP Build 2318053 on Mon Oct  1 21:44:26 MDT 2018
# Start of session at: Thu Nov 29 10:22:46 2018
# Process ID: 4408
# Current directory: C:/Users/RampantVelcro/Desktop/Class/Fall2018/ECE540/ECE540FinalProject/Vivado/runnable_projectMBlatestBitstream/finalMBversion.runs/worldmap_gameover_synth_1
# Command line: vivado.exe -log worldmap_gameover.vds -product Vivado -mode batch -messageDb vivado.pb -notrace -source worldmap_gameover.tcl
# Log file: C:/Users/RampantVelcro/Desktop/Class/Fall2018/ECE540/ECE540FinalProject/Vivado/runnable_projectMBlatestBitstream/finalMBversion.runs/worldmap_gameover_synth_1/worldmap_gameover.vds
# Journal file: C:/Users/RampantVelcro/Desktop/Class/Fall2018/ECE540/ECE540FinalProject/Vivado/runnable_projectMBlatestBitstream/finalMBversion.runs/worldmap_gameover_synth_1\vivado.jou
#-----------------------------------------------------------
source worldmap_gameover.tcl -notrace
