#-----------------------------------------------------------
# Vivado v2018.2.2 (64-bit)
# SW Build 2348494 on Mon Oct  1 18:25:44 MDT 2018
# IP Build 2318053 on Mon Oct  1 21:44:26 MDT 2018
# Start of session at: Thu Nov 29 15:06:47 2018
# Process ID: 6216
# Current directory: C:/Users/RampantVelcro/Desktop/Class/Fall2018/ECE540/ECE540FinalProject/Vivado/runnable_projectMBlatestBitstream
# Command line: vivado.exe -gui_launcher_event rodinguilauncherevent6720 C:\Users\RampantVelcro\Desktop\Class\Fall2018\ECE540\ECE540FinalProject\Vivado\runnable_projectMBlatestBitstream\finalMBversion.xpr
# Log file: C:/Users/RampantVelcro/Desktop/Class/Fall2018/ECE540/ECE540FinalProject/Vivado/runnable_projectMBlatestBitstream/vivado.log
# Journal file: C:/Users/RampantVelcro/Desktop/Class/Fall2018/ECE540/ECE540FinalProject/Vivado/runnable_projectMBlatestBitstream\vivado.jou
#-----------------------------------------------------------
start_gui
open_project C:/Users/RampantVelcro/Desktop/Class/Fall2018/ECE540/ECE540FinalProject/Vivado/runnable_projectMBlatestBitstream/finalMBversion.xpr
update_compile_order -fileset sources_1
open_hw
connect_hw_server
open_hw_target
set_property PROGRAM.FILE {C:/Users/RampantVelcro/Desktop/Class/Fall2018/ECE540/ECE540FinalProject/Vivado/runnable_projectMBlatestBitstream/finalMBversion.runs/impl_1/mfp_nexys4_ddr.bit} [get_hw_devices xc7a100t_0]
current_hw_device [get_hw_devices xc7a100t_0]
refresh_hw_device -update_hw_probes false [lindex [get_hw_devices xc7a100t_0] 0]
set_property PROBES.FILE {} [get_hw_devices xc7a100t_0]
set_property FULL_PROBES.FILE {} [get_hw_devices xc7a100t_0]
set_property PROGRAM.FILE {C:/Users/RampantVelcro/Desktop/Class/Fall2018/ECE540/ECE540FinalProject/Vivado/runnable_projectMBlatestBitstream/finalMBversion.runs/impl_1/mfp_nexys4_ddr.bit} [get_hw_devices xc7a100t_0]
program_hw_devices [get_hw_devices xc7a100t_0]
refresh_hw_device [lindex [get_hw_devices xc7a100t_0] 0]
set_property PROBES.FILE {} [get_hw_devices xc7a100t_0]
set_property FULL_PROBES.FILE {} [get_hw_devices xc7a100t_0]
set_property PROGRAM.FILE {C:/Users/RampantVelcro/Desktop/Class/Fall2018/ECE540/ECE540FinalProject/Vivado/runnable_projectMBlatestBitstream/finalMBversion.runs/impl_1/mfp_nexys4_ddr.bit} [get_hw_devices xc7a100t_0]
program_hw_devices [get_hw_devices xc7a100t_0]
refresh_hw_device [lindex [get_hw_devices xc7a100t_0] 0]
set_property PROBES.FILE {} [get_hw_devices xc7a100t_0]
set_property FULL_PROBES.FILE {} [get_hw_devices xc7a100t_0]
set_property PROGRAM.FILE {C:/Users/RampantVelcro/Desktop/Class/Fall2018/ECE540/ECE540FinalProject/Vivado/runnable_projectMBlatestBitstream/finalMBversion.runs/impl_1/mfp_nexys4_ddr.bit} [get_hw_devices xc7a100t_0]
program_hw_devices [get_hw_devices xc7a100t_0]
refresh_hw_device [lindex [get_hw_devices xc7a100t_0] 0]
set_property PROBES.FILE {} [get_hw_devices xc7a100t_0]
set_property FULL_PROBES.FILE {} [get_hw_devices xc7a100t_0]
set_property PROGRAM.FILE {C:/Users/RampantVelcro/Desktop/Class/Fall2018/ECE540/ECE540FinalProject/Vivado/runnable_projectMBlatestBitstream/finalMBversion.runs/impl_1/mfp_nexys4_ddr.bit} [get_hw_devices xc7a100t_0]
program_hw_devices [get_hw_devices xc7a100t_0]
refresh_hw_device [lindex [get_hw_devices xc7a100t_0] 0]
