#-----------------------------------------------------------
# Vivado v2018.2.2 (64-bit)
# SW Build 2348494 on Mon Oct  1 18:25:44 MDT 2018
# IP Build 2318053 on Mon Oct  1 21:44:26 MDT 2018
# Start of session at: Thu Nov 29 10:06:36 2018
# Process ID: 10772
# Current directory: C:/Users/RampantVelcro/Desktop/Class/Fall2018/ECE540/ECE540FinalProject/Vivado/runnable_projectMBlatestBitstream
# Command line: vivado.exe -gui_launcher_event rodinguilauncherevent15640 C:\Users\RampantVelcro\Desktop\Class\Fall2018\ECE540\ECE540FinalProject\Vivado\runnable_projectMBlatestBitstream\finalMBversion.xpr
# Log file: C:/Users/RampantVelcro/Desktop/Class/Fall2018/ECE540/ECE540FinalProject/Vivado/runnable_projectMBlatestBitstream/vivado.log
# Journal file: C:/Users/RampantVelcro/Desktop/Class/Fall2018/ECE540/ECE540FinalProject/Vivado/runnable_projectMBlatestBitstream\vivado.jou
#-----------------------------------------------------------
start_gui
open_project C:/Users/RampantVelcro/Desktop/Class/Fall2018/ECE540/ECE540FinalProject/Vivado/runnable_projectMBlatestBitstream/finalMBversion.xpr
update_compile_order -fileset sources_1
reset_run worldmap_level1_synth_1
launch_runs worldmap_level1_synth_1
wait_on_run worldmap_level1_synth_1
reset_run worldmap_level2_synth_1
launch_runs worldmap_level2_synth_1
wait_on_run worldmap_level2_synth_1
reset_run worldmap_level3_synth_1
launch_runs worldmap_level3_synth_1
wait_on_run worldmap_level3_synth_1
reset_run worldmap_gameover_synth_1
launch_runs worldmap_gameover_synth_1
wait_on_run worldmap_gameover_synth_1
synth_design -rtl -name rtl_1
reset_run synth_1
launch_runs impl_1 -to_step write_bitstream -jobs 2
wait_on_run impl_1
reset_run synth_1
update_compile_order -fileset sources_1
update_compile_order -fileset sources_1
update_compile_order -fileset sources_1
update_compile_order -fileset sources_1
refresh_design
refresh_design
launch_runs impl_1 -to_step write_bitstream -jobs 2
wait_on_run impl_1
reset_run synth_1
refresh_design
launch_runs impl_1 -to_step write_bitstream -jobs 2
wait_on_run impl_1
