#-----------------------------------------------------------
# Vivado v2018.2.2 (64-bit)
# SW Build 2348494 on Mon Oct  1 18:25:44 MDT 2018
# IP Build 2318053 on Mon Oct  1 21:44:26 MDT 2018
# Start of session at: Sat Nov 17 16:12:51 2018
# Process ID: 10892
# Current directory: C:/Users/RampantVelcro/Desktop/Class/Fall2018/ECE540/ECE540FinalProject/Vivado/runnable_projectMBlatestBitstream
# Command line: vivado.exe -gui_launcher_event rodinguilauncherevent1956 C:\Users\RampantVelcro\Desktop\Class\Fall2018\ECE540\ECE540FinalProject\Vivado\runnable_projectMBlatestBitstream\finalMBversion.xpr
# Log file: C:/Users/RampantVelcro/Desktop/Class/Fall2018/ECE540/ECE540FinalProject/Vivado/runnable_projectMBlatestBitstream/vivado.log
# Journal file: C:/Users/RampantVelcro/Desktop/Class/Fall2018/ECE540/ECE540FinalProject/Vivado/runnable_projectMBlatestBitstream\vivado.jou
#-----------------------------------------------------------
start_gui
open_project C:/Users/RampantVelcro/Desktop/Class/Fall2018/ECE540/ECE540FinalProject/Vivado/runnable_projectMBlatestBitstream/finalMBversion.xpr
update_compile_order -fileset sources_1
open_run impl_1
reset_run impl_1
launch_runs impl_1 -jobs 2
wait_on_run impl_1
close_design
synth_design -rtl -name rtl_1
open_run synth_1 -name synth_1
open_run impl_1
launch_runs impl_1 -to_step write_bitstream -jobs 2
wait_on_run impl_1
