#-----------------------------------------------------------
# Vivado v2018.2.2 (64-bit)
# SW Build 2348494 on Mon Oct  1 18:25:44 MDT 2018
# IP Build 2318053 on Mon Oct  1 21:44:26 MDT 2018
# Start of session at: Fri Nov 16 01:47:44 2018
# Process ID: 10696
# Current directory: C:/Users/RampantVelcro/Desktop/Class/Fall2018/ECE540/ECE540FinalProject/Vivado/runnable_project
# Command line: vivado.exe -gui_launcher_event rodinguilauncherevent10128 C:\Users\RampantVelcro\Desktop\Class\Fall2018\ECE540\ECE540FinalProject\Vivado\runnable_project\runnable_project.xpr
# Log file: C:/Users/RampantVelcro/Desktop/Class/Fall2018/ECE540/ECE540FinalProject/Vivado/runnable_project/vivado.log
# Journal file: C:/Users/RampantVelcro/Desktop/Class/Fall2018/ECE540/ECE540FinalProject/Vivado/runnable_project\vivado.jou
#-----------------------------------------------------------
start_gui
open_project C:/Users/RampantVelcro/Desktop/Class/Fall2018/ECE540/ECE540FinalProject/Vivado/runnable_project/runnable_project.xpr
update_compile_order -fileset sources_1
open_run impl_1
set_property STEPS.PHYS_OPT_DESIGN.IS_ENABLED true [get_runs impl_1]
set_property STEPS.POST_ROUTE_PHYS_OPT_DESIGN.IS_ENABLED true [get_runs impl_1]
update_ip_catalog
set_property STEPS.SYNTH_DESIGN.ARGS.RETIMING true [get_runs synth_1]
update_ip_catalog
reset_run synth_1
launch_runs impl_1 -jobs 2
wait_on_run impl_1
close_design
synth_design -rtl -name rtl_1
synth_design -rtl -name rtl_1
update_compile_order -fileset sources_1
update_compile_order -fileset sources_1
update_compile_order -fileset sources_1
update_compile_order -fileset sources_1
# Disabling source management mode.  This is to allow the top design properties to be set without GUI intervention.
set_property source_mgmt_mode None [current_project]
set_property top mhp_axdl362 [current_fileset]
# Re-enabling previously disabled source management mode.
set_property source_mgmt_mode All [current_project]
update_compile_order -fileset sources_1
reset_run synth_1
launch_runs synth_1 -jobs 2
wait_on_run synth_1
reset_run synth_1
launch_runs synth_1 -jobs 2
wait_on_run synth_1
